// Jest Snapshot v1, https://jestjs.io/docs/snapshot-testing

exports[`embeddingReplacer can extract a file from text with url at the end of it 1`] = `"attach!"`;

exports[`embeddingReplacer can extract a file from text with url in middle of it 1`] = `"file <a href="https://example.com/files/e97518db-ebb8-450f-9b4a-273234e68491" target="_blank" rel="nofollow noopener noreferrer">[[添付ファイル]]</a> is file"`;

exports[`embeddingReplacer can extract a file from url 1`] = `""`;

exports[`embeddingReplacer can extract a file from url and remove tail spaces 1`] = `""`;

exports[`embeddingReplacer can extract files from text with url in middle of it 1`] = `"file <a href="https://example.com/files/e97518db-ebb8-450f-9b4a-273234e68491" target="_blank" rel="nofollow noopener noreferrer">[[添付ファイル]]</a> and <a href="https://example.com/messages/d7461966-e5d3-4c6d-9538-7c8605f45a1e" target="_blank" rel="nofollow noopener noreferrer">[[引用メッセージ]]</a> are file and message"`;

exports[`embeddingReplacer can ignore a file inside spoiler or code block from url 1`] = `"<span class="spoiler"><a href="https://example.com/files/e97518db-ebb8-450f-9b4a-273234e68491" target="_blank" rel="nofollow noopener noreferrer">https://example.com/files/e97518db-ebb8-450f-9b4a-273234e68491</a></span> <code>https://example.com/files/e97518db-ebb8-450f-9b4a-273234e68491</code> <code>https://example.com/files/e97518db-ebb8-450f-9b4a-273234e68491</code>"`;

exports[`embeddingReplacer does not replace internal url in the middle 1`] = `"<a href="https://yet.another.example.com/files/e97518db-ebb8-450f-9b4a-273234e68491" target="_blank" rel="nofollow noopener noreferrer">https://yet.another.example.com/files/e97518db-ebb8-450f-9b4a-273234e68491</a>, hello"`;

exports[`embeddingReplacer does not replace/include internal url 1`] = `"<a href="https://example.com/somewhere" target="_blank" rel="nofollow noopener noreferrer">https://example.com/somewhere</a>"`;
